// Jest Snapshot v1, https://goo.gl/fbAQLP

exports[`<App /> should match snapshot 1`] = `
<styled.div>
  <header>
    <h1>
      Dog dashboard
    </h1>
  </header>
  <main>
    <Navigation />
    <Suspense
      fallback={<styled.div />}
    >
      <Switch>
        <Route
          component={
            Object {
              "$$typeof": Symbol(react.lazy),
              "_init": [Function],
              "_payload": Object {
                "_result": [Function],
                "_status": -1,
              },
            }
          }
          exact={true}
          path="/list"
        />
        <Route
          component={
            Object {
              "$$typeof": Symbol(react.lazy),
              "_init": [Function],
              "_payload": Object {
                "_result": [Function],
                "_status": -1,
              },
            }
          }
          exact={true}
          path="/sub/list"
        />
        <Route
          component={
            Object {
              "$$typeof": Symbol(react.lazy),
              "_init": [Function],
              "_payload": Object {
                "_result": [Function],
                "_status": -1,
              },
            }
          }
          exact={true}
          path="/sub/random"
        />
        <Route
          component={
            Object {
              "$$typeof": Symbol(react.lazy),
              "_init": [Function],
              "_payload": Object {
                "_result": [Function],
                "_status": -1,
              },
            }
          }
          exact={true}
          path="/"
        />
        <Redirect
          to="/"
        />
      </Switch>
    </Suspense>
  </main>
  <footer>
    Made with ♥️ using Typescript, React, fp-ts, styled-components
  </footer>
</styled.div>
`;
